Archive member included because of file (symbol)

C:\PROGRA~2\GCCFOR~1.201\rx-elf\rx-elf/lib/gcc/rx-elf/4.8.0.201603-GNURX/no-fpu-libs\libgcc.a(_addsub_sf.o)
                              ./src/asservissement/asservissement.o (__subsf3)
C:\PROGRA~2\GCCFOR~1.201\rx-elf\rx-elf/lib/gcc/rx-elf/4.8.0.201603-GNURX/no-fpu-libs\libgcc.a(_mul_sf.o)
                              ./src/asservissement/asservissement.o (__mulsf3)
C:\PROGRA~2\GCCFOR~1.201\rx-elf\rx-elf/lib/gcc/rx-elf/4.8.0.201603-GNURX/no-fpu-libs\libgcc.a(_div_sf.o)
                              ./src/asservissement/asservissement.o (__divsf3)
C:\PROGRA~2\GCCFOR~1.201\rx-elf\rx-elf/lib/gcc/rx-elf/4.8.0.201603-GNURX/no-fpu-libs\libgcc.a(_sf_to_si.o)
                              ./src/asservissement/asservissement.o (__fixsfsi)
C:\PROGRA~2\GCCFOR~1.201\rx-elf\rx-elf/lib/gcc/rx-elf/4.8.0.201603-GNURX/no-fpu-libs\libgcc.a(_thenan_sf.o)
                              C:\PROGRA~2\GCCFOR~1.201\rx-elf\rx-elf/lib/gcc/rx-elf/4.8.0.201603-GNURX/no-fpu-libs\libgcc.a(_addsub_sf.o) (__thenan_sf)
C:\PROGRA~2\GCCFOR~1.201\rx-elf\rx-elf/lib/gcc/rx-elf/4.8.0.201603-GNURX/no-fpu-libs\libgcc.a(_pack_sf.o)
                              C:\PROGRA~2\GCCFOR~1.201\rx-elf\rx-elf/lib/gcc/rx-elf/4.8.0.201603-GNURX/no-fpu-libs\libgcc.a(_addsub_sf.o) (__pack_f)
C:\PROGRA~2\GCCFOR~1.201\rx-elf\rx-elf/lib/gcc/rx-elf/4.8.0.201603-GNURX/no-fpu-libs\libgcc.a(_unpack_sf.o)
                              C:\PROGRA~2\GCCFOR~1.201\rx-elf\rx-elf/lib/gcc/rx-elf/4.8.0.201603-GNURX/no-fpu-libs\libgcc.a(_addsub_sf.o) (__unpack_f)

Memory Configuration

Name             Origin             Length             Attributes
RAM              0x00000000         0x00010000
ROM              0xfff80000         0x00080000
*default*        0x00000000         0xffffffff

Linker script and memory map


.fvectors       0xffffff80       0x80
 *(.fvectors)
 .fvectors      0xffffff80       0x80 ./src/vector_table.o
                0xffffff80                HardwareVectors

.text           0xfff80000     0x10f8
 *(.text)
 .text          0xfff80000       0x7a ./src/reset_program.o
                0xfff80000                PowerON_Reset
 *(.text.*)
 *(P)
 P              0xfff8007a       0xe4 ./src/asservissement/asservissement.o
                0xfff8007a                init_echant
                0xfff8014a                start_echant
 P              0xfff8015e       0xf2 ./src/encoder/decoder_quadra.o
                0xfff8015e                mtclk_init
                0xfff8023c                mtclk_start
 P              0xfff80250      0x1cb ./src/hardware_setup.o
                0xfff80250                HardwareSetup
 P              0xfff8041b        0x0 ./src/reset_program.o
 P              0xfff8041b      0x112 ./src/rx210.o
                0xfff8041b                main
 P              0xfff8052d        0x0 ./src/vector_table.o
 P              0xfff8052d      0x560 ./src/interrupt/interrupt_handlers.o
                0xfff8052d                Excep_SuperVisorInst
                0xfff80535                Excep_UndefinedInst
                0xfff8053d                NonMaskableInterrupt
                0xfff80545                Dummy
                0xfff8054d                Excep_BRK
                0xfff80555                Excep_BSC_BUSERR
                0xfff8055d                Excep_FCU_FIFERR
                0xfff80565                Excep_FCU_FRDYI
                0xfff8056d                Excep_ICU_SWINT
                0xfff80575                Excep_CMT0_CMI0
                0xfff8057d                Excep_CMT1_CMI1
                0xfff80585                Excep_CMT2_CMI2
                0xfff8058d                Excep_CMT3_CMI3
                0xfff80595                Excep_CAC_FERRF
                0xfff8059d                Excep_CAC_MENDF
                0xfff805a5                Excep_CAC_OVFF
                0xfff805ad                Excep_RSPI0_SPEI0
                0xfff805b5                Excep_RSPI0_SPRI0
                0xfff805bd                Excep_RSPI0_SPTI0
                0xfff805c5                Excep_RSPI0_SPII0
                0xfff805cd                Excep_DOC_DOPCF
                0xfff805d5                Excep_CMPB_CMPB0
                0xfff805dd                Excep_CMPB_CMPB1
                0xfff805e5                Excep_RTC_CUP
                0xfff805ed                Excep_ICU_IRQ0
                0xfff805f5                Excep_ICU_IRQ1
                0xfff805fd                Excep_ICU_IRQ2
                0xfff80605                Excep_ICU_IRQ3
                0xfff8060d                Excep_ICU_IRQ4
                0xfff80615                Excep_ICU_IRQ5
                0xfff8061d                Excep_ICU_IRQ6
                0xfff80625                Excep_ICU_IRQ7
                0xfff8062d                Excep_LVD_LVD1
                0xfff80635                Excep_LVD_LVD2
                0xfff8063d                Excep_RTC_ALM
                0xfff80645                Excep_RTC_PRD
                0xfff8064d                Excep_S12AD_S12ADI0
                0xfff80655                Excep_S12AD_GBADI
                0xfff8065d                Excep_ELC_ELSR18I
                0xfff80665                Excep_ELC_ELSR19I
                0xfff8066d                Excep_MTU0_TGIA0
                0xfff80675                Excep_MTU0_TGIB0
                0xfff8067d                Excep_MTU0_TGIC0
                0xfff80685                Excep_MTU0_TGID0
                0xfff8068d                Excep_MTU0_TCIV0
                0xfff80695                Excep_MTU0_TGIE0
                0xfff8069d                Excep_MTU0_TGIF0
                0xfff806a5                Excep_MTU1_TGIA1
                0xfff806ad                Excep_MTU1_TGIB1
                0xfff806b5                Excep_MTU1_TCIV1
                0xfff806bd                Excep_MTU1_TCIU1
                0xfff806c5                Excep_MTU2_TGIA2
                0xfff806cd                Excep_MTU2_TGIB2
                0xfff806d5                Excep_MTU2_TCIV2
                0xfff806dd                Excep_MTU2_TCIU2
                0xfff806e5                Excep_MTU3_TGIA3
                0xfff806ed                Excep_MTU3_TGIB3
                0xfff806f5                Excep_MTU3_TGIC3
                0xfff806fd                Excep_MTU3_TGID3
                0xfff80705                Excep_MTU3_TCIV3
                0xfff8070d                Excep_MTU4_TGIA4
                0xfff80715                Excep_MTU4_TGIB4
                0xfff8071d                Excep_MTU4_TGIC4
                0xfff80725                Excep_MTU4_TGID4
                0xfff8072d                Excep_MTU4_TCIV4
                0xfff80735                Excep_MTU5_TGIU5
                0xfff8073d                Excep_MTU5_TGIV5
                0xfff80745                Excep_MTU5_TGIW5
                0xfff8074d                Excep_TPU0_TGI0A
                0xfff80755                Excep_TPU0_TGI0B
                0xfff8075d                Excep_TPU0_TGI0C
                0xfff80765                Excep_TPU0_TGI0D
                0xfff8076d                Excep_TPU0_TCI0V
                0xfff80775                Excep_TPU1_TGI1A
                0xfff8077d                Excep_TPU1_TGI1B
                0xfff80785                Excep_TPU1_TCI1V
                0xfff8078d                Excep_TPU1_TCI1U
                0xfff80795                Excep_TPU2_TGI2A
                0xfff8079d                Excep_TPU2_TGI2B
                0xfff807a5                Excep_TPU2_TCI2V
                0xfff807ad                Excep_TPU2_TCI2U
                0xfff807b5                Excep_TPU3_TGI3A
                0xfff807bd                Excep_TPU3_TGI3B
                0xfff807c5                Excep_TPU3_TGI3C
                0xfff807cd                Excep_TPU3_TGI3D
                0xfff807d5                Excep_TPU3_TCI3V
                0xfff807dd                Excep_TPU4_TGI4A
                0xfff807e5                Excep_TPU4_TGI4B
                0xfff807ed                Excep_TPU4_TCI4V
                0xfff807f5                Excep_TPU4_TCI4U
                0xfff807fd                Excep_TPU5_TGI5A
                0xfff80805                Excep_TPU5_TGI5B
                0xfff8080d                Excep_TPU5_TCI5V
                0xfff80815                Excep_TPU5_TCI5U
                0xfff8081d                Excep_POE_OEI1
                0xfff80825                Excep_POE_OEI2
                0xfff8082d                Excep_TMR0_CMIA0
                0xfff80835                Excep_TMR0_CMIB0
                0xfff8083d                Excep_TMR0_OVI0
                0xfff80845                Excep_TMR1_CMIA1
                0xfff8084d                Excep_TMR1_CMIB1
                0xfff80855                Excep_TMR1_OVI1
                0xfff8085d                Excep_TMR2_CMIA2
                0xfff80865                Excep_TMR2_CMIB2
                0xfff8086d                Excep_TMR2_OVI2
                0xfff80875                Excep_TMR3_CMIA3
                0xfff8087d                Excep_TMR3_CMIB3
                0xfff80885                Excep_TMR3_OVI3
                0xfff8088d                Excep_SCI2_ERI2
                0xfff80895                Excep_SCI2_RXI2
                0xfff8089d                Excep_SCI2_TXI2
                0xfff808a5                Excep_SCI2_TEI2
                0xfff808ad                Excep_SCI3_ERI3
                0xfff808b5                Excep_SCI3_RXI3
                0xfff808bd                Excep_SCI3_TXI3
                0xfff808c5                Excep_SCI3_TEI3
                0xfff808cd                Excep_SCI4_ERI4
                0xfff808d5                Excep_SCI4_RXI4
                0xfff808dd                Excep_SCI4_TXI4
                0xfff808e5                Excep_SCI4_TEI4
                0xfff808ed                Excep_DMAC_DMAC0I
                0xfff808f5                Excep_DMAC_DMAC1I
                0xfff808fd                Excep_DMAC_DMAC2I
                0xfff80905                Excep_DMAC_DMAC3I
                0xfff8090d                Excep_SCI7_ERI7
                0xfff80915                Excep_SCI7_RXI7
                0xfff8091d                Excep_SCI7_TXI7
                0xfff80925                Excep_SCI7_TEI7
                0xfff8092d                Excep_SCI10_ERI10
                0xfff80935                Excep_SCI10_RXI10
                0xfff8093d                Excep_SCI10_TXI10
                0xfff80945                Excep_SCI10_TEI10
                0xfff8094d                Excep_SCI0_ERI0
                0xfff80955                Excep_SCI0_RXI0
                0xfff8095d                Excep_SCI0_TXI0
                0xfff80965                Excep_SCI0_TEI0
                0xfff8096d                Excep_SCI1_ERI1
                0xfff80975                Excep_SCI1_RXI1
                0xfff8097d                Excep_SCI1_TXI1
                0xfff80985                Excep_SCI1_TEI1
                0xfff8098d                Excep_SCI5_ERI5
                0xfff80995                Excep_SCI5_RXI5
                0xfff8099d                Excep_SCI5_TXI5
                0xfff809a5                Excep_SCI5_TEI5
                0xfff809ad                Excep_SCI6_ERI6
                0xfff809b5                Excep_SCI6_RXI6
                0xfff809bd                Excep_SCI6_TXI6
                0xfff809c5                Excep_SCI6_TEI6
                0xfff809cd                Excep_SCI8_ERI8
                0xfff809d5                Excep_SCI8_RXI8
                0xfff809dd                Excep_SCI8_TXI8
                0xfff809e5                Excep_SCI8_TEI8
                0xfff809ed                Excep_SCI9_ERI9
                0xfff809f5                Excep_SCI9_RXI9
                0xfff809fd                Excep_SCI9_TXI9
                0xfff80a05                Excep_SCI9_TEI9
                0xfff80a0d                Excep_SCI12_ERI12
                0xfff80a15                Excep_SCI12_RXI12
                0xfff80a1d                Excep_SCI12_TXI12
                0xfff80a25                Excep_SCI12_TEI12
                0xfff80a2d                Excep_SCI12_SCIX0
                0xfff80a35                Excep_SCI12_SCIX1
                0xfff80a3d                Excep_SCI12_SCIX2
                0xfff80a45                Excep_SCI12_SCIX3
                0xfff80a4d                Excep_RIIC0_EEI0
                0xfff80a55                Excep_RIIC0_RXI0
                0xfff80a5d                Excep_RIIC0_TXI0
                0xfff80a65                Excep_RIIC0_TEI0
                0xfff80a6d                Excep_SCI11_ERI11
                0xfff80a75                Excep_SCI11_RXI11
                0xfff80a7d                Excep_SCI11_TXI11
                0xfff80a85                Excep_SCI11_TEI11
 P              0xfff80a8d       0x63 ./src/pwm/pwm_asser_RX210.o
                0xfff80a8d                PWM_asser_init
 P              0xfff80af0       0x8c ./src/uart/uart.o
                0xfff80af0                uart9_init
 *fill*         0xfff80b7c        0x4 
 P              0xfff80b80      0x1d0 C:\PROGRA~2\GCCFOR~1.201\rx-elf\rx-elf/lib/gcc/rx-elf/4.8.0.201603-GNURX/no-fpu-libs\libgcc.a(_addsub_sf.o)
                0xfff80cdb                __addsf3
                0xfff80cdb                _COM_ADDd
                0xfff80cdb                _COM_ADDf
                0xfff80d0f                _COM_SUBd
                0xfff80d0f                _COM_SUBf
                0xfff80d0f                __subsf3
 P              0xfff80d50      0x128 C:\PROGRA~2\GCCFOR~1.201\rx-elf\rx-elf/lib/gcc/rx-elf/4.8.0.201603-GNURX/no-fpu-libs\libgcc.a(_mul_sf.o)
                0xfff80d50                _COM_MULd
                0xfff80d50                __mulsf3
                0xfff80d50                _COM_MULf
 P              0xfff80e78       0xd0 C:\PROGRA~2\GCCFOR~1.201\rx-elf\rx-elf/lib/gcc/rx-elf/4.8.0.201603-GNURX/no-fpu-libs\libgcc.a(_div_sf.o)
                0xfff80e78                _COM_DIVd
                0xfff80e78                __divsf3
                0xfff80e78                _COM_DIVf
 P              0xfff80f48       0x58 C:\PROGRA~2\GCCFOR~1.201\rx-elf\rx-elf/lib/gcc/rx-elf/4.8.0.201603-GNURX/no-fpu-libs\libgcc.a(_sf_to_si.o)
                0xfff80f48                _COM_CONVf32s
                0xfff80f48                _COM_CONVd32s
                0xfff80f48                __fixsfsi
 P              0xfff80fa0        0x0 C:\PROGRA~2\GCCFOR~1.201\rx-elf\rx-elf/lib/gcc/rx-elf/4.8.0.201603-GNURX/no-fpu-libs\libgcc.a(_thenan_sf.o)
 P              0xfff80fa0       0xe8 C:\PROGRA~2\GCCFOR~1.201\rx-elf\rx-elf/lib/gcc/rx-elf/4.8.0.201603-GNURX/no-fpu-libs\libgcc.a(_pack_sf.o)
                0xfff80fa0                __pack_f
 P              0xfff81088       0x70 C:\PROGRA~2\GCCFOR~1.201\rx-elf\rx-elf/lib/gcc/rx-elf/4.8.0.201603-GNURX/no-fpu-libs\libgcc.a(_unpack_sf.o)
                0xfff81088                __unpack_f
                0xfff810f8                etext = .

.rvectors       0xfff810f8      0x400
                0xfff810f8                _rvectors_start = .
 *(.rvectors)
 .rvectors      0xfff810f8      0x400 ./src/vector_table.o
                0xfff810f8                RelocatableVectors
                0xfff814f8                _rvectors_end = .

.init           0xfff814f8        0x0
 *(.init)
                0xfff814f8                __preinit_array_start = .
 *(.preinit_array)
                0xfff814f8                __preinit_array_end = .
                0xfff814f8                __init_array_start = ((. + 0x3) & 0xfffffffc)
 *(.init_array)
 *(SORT(.init_array.*))
                0xfff814f8                __init_array_end = .
                0xfff814f8                __fini_array_start = .
 *(.fini_array)
 *(SORT(.fini_array.*))
                0xfff814f8                __fini_array_end = .

.fini
 *(.fini)

.got
 *(.got)
 *(.got.plt)

.rodata         0xfff814f8       0x10
 *(.rodata)
 *(.rodata.*)
 *(C_1)
 *(C_2)
 *(C)
 C              0xfff814f8       0x10 C:\PROGRA~2\GCCFOR~1.201\rx-elf\rx-elf/lib/gcc/rx-elf/4.8.0.201603-GNURX/no-fpu-libs\libgcc.a(_thenan_sf.o)
                0xfff814f8                __thenan_sf
                0xfff81508                _erodata = .

.eh_frame_hdr
 *(.eh_frame_hdr)

.eh_frame
 *(.eh_frame)

.jcr
 *(.jcr)

.tors           0xfff81508        0x0
                0xfff81508                __CTOR_LIST__ = .
                0xfff81508                . = ALIGN (0x2)
                0xfff81508                ___ctors = .
 *(.ctors)
                0xfff81508                ___ctors_end = .
                0xfff81508                __CTOR_END__ = .
                0xfff81508                __DTOR_LIST__ = .
                0xfff81508                ___dtors = .
 *(.dtors)
                0xfff81508                ___dtors_end = .
                0xfff81508                __DTOR_END__ = .
                0xfff81508                . = ALIGN (0x2)
                0xfff81508                _mdata = .

.ustack         0x00000200        0x0
                0x00000200                _ustack = .

.istack         0x00000100        0x0
                0x00000100                _istack = .

.data           0x00000204        0x0 load address 0xfff81508
                0x00000204                _data = .
 *(.data)
 *(.data.*)
 *(D)
 *(D_1)
 D_1            0x00000204        0x0 ./src/asservissement/asservissement.o
 D_1            0x00000204        0x0 ./src/encoder/decoder_quadra.o
 D_1            0x00000204        0x0 ./src/hardware_setup.o
 D_1            0x00000204        0x0 ./src/reset_program.o
 D_1            0x00000204        0x0 ./src/rx210.o
 D_1            0x00000204        0x0 ./src/vector_table.o
 D_1            0x00000204        0x0 ./src/interrupt/interrupt_handlers.o
 D_1            0x00000204        0x0 ./src/pwm/pwm_asser_RX210.o
 D_1            0x00000204        0x0 ./src/uart/uart.o
 D_1            0x00000204        0x0 C:\PROGRA~2\GCCFOR~1.201\rx-elf\rx-elf/lib/gcc/rx-elf/4.8.0.201603-GNURX/no-fpu-libs\libgcc.a(_addsub_sf.o)
 D_1            0x00000204        0x0 C:\PROGRA~2\GCCFOR~1.201\rx-elf\rx-elf/lib/gcc/rx-elf/4.8.0.201603-GNURX/no-fpu-libs\libgcc.a(_mul_sf.o)
 D_1            0x00000204        0x0 C:\PROGRA~2\GCCFOR~1.201\rx-elf\rx-elf/lib/gcc/rx-elf/4.8.0.201603-GNURX/no-fpu-libs\libgcc.a(_div_sf.o)
 D_1            0x00000204        0x0 C:\PROGRA~2\GCCFOR~1.201\rx-elf\rx-elf/lib/gcc/rx-elf/4.8.0.201603-GNURX/no-fpu-libs\libgcc.a(_sf_to_si.o)
 D_1            0x00000204        0x0 C:\PROGRA~2\GCCFOR~1.201\rx-elf\rx-elf/lib/gcc/rx-elf/4.8.0.201603-GNURX/no-fpu-libs\libgcc.a(_thenan_sf.o)
 D_1            0x00000204        0x0 C:\PROGRA~2\GCCFOR~1.201\rx-elf\rx-elf/lib/gcc/rx-elf/4.8.0.201603-GNURX/no-fpu-libs\libgcc.a(_pack_sf.o)
 D_1            0x00000204        0x0 C:\PROGRA~2\GCCFOR~1.201\rx-elf\rx-elf/lib/gcc/rx-elf/4.8.0.201603-GNURX/no-fpu-libs\libgcc.a(_unpack_sf.o)
 *(D_2)
                0x00000204                _edata = .

.gcc_exc
 *(.gcc_exc)

.bss            0x00000204        0x4 load address 0xfff81508
                0x00000204                _bss = .
 *(.bss)
 *(.bss.**)
 *(COMMON)
 *(B)
 B              0x00000204        0x4 ./src/rx210.o
                0x00000204                compteur
 *(B_1)
 B_1            0x00000208        0x0 ./src/asservissement/asservissement.o
 B_1            0x00000208        0x0 ./src/encoder/decoder_quadra.o
 B_1            0x00000208        0x0 ./src/hardware_setup.o
 B_1            0x00000208        0x0 ./src/reset_program.o
 B_1            0x00000208        0x0 ./src/rx210.o
 B_1            0x00000208        0x0 ./src/vector_table.o
 B_1            0x00000208        0x0 ./src/interrupt/interrupt_handlers.o
 B_1            0x00000208        0x0 ./src/pwm/pwm_asser_RX210.o
 B_1            0x00000208        0x0 ./src/uart/uart.o
 B_1            0x00000208        0x0 C:\PROGRA~2\GCCFOR~1.201\rx-elf\rx-elf/lib/gcc/rx-elf/4.8.0.201603-GNURX/no-fpu-libs\libgcc.a(_addsub_sf.o)
 B_1            0x00000208        0x0 C:\PROGRA~2\GCCFOR~1.201\rx-elf\rx-elf/lib/gcc/rx-elf/4.8.0.201603-GNURX/no-fpu-libs\libgcc.a(_mul_sf.o)
 B_1            0x00000208        0x0 C:\PROGRA~2\GCCFOR~1.201\rx-elf\rx-elf/lib/gcc/rx-elf/4.8.0.201603-GNURX/no-fpu-libs\libgcc.a(_div_sf.o)
 B_1            0x00000208        0x0 C:\PROGRA~2\GCCFOR~1.201\rx-elf\rx-elf/lib/gcc/rx-elf/4.8.0.201603-GNURX/no-fpu-libs\libgcc.a(_sf_to_si.o)
 B_1            0x00000208        0x0 C:\PROGRA~2\GCCFOR~1.201\rx-elf\rx-elf/lib/gcc/rx-elf/4.8.0.201603-GNURX/no-fpu-libs\libgcc.a(_thenan_sf.o)
 B_1            0x00000208        0x0 C:\PROGRA~2\GCCFOR~1.201\rx-elf\rx-elf/lib/gcc/rx-elf/4.8.0.201603-GNURX/no-fpu-libs\libgcc.a(_pack_sf.o)
 B_1            0x00000208        0x0 C:\PROGRA~2\GCCFOR~1.201\rx-elf\rx-elf/lib/gcc/rx-elf/4.8.0.201603-GNURX/no-fpu-libs\libgcc.a(_unpack_sf.o)
 *(B_2)
                0x00000208                _ebss = .
                0x00000208                _end = .
LOAD ./src/asservissement/asservissement.o
LOAD ./src/encoder/decoder_quadra.o
LOAD ./src/hardware_setup.o
LOAD ./src/reset_program.o
LOAD ./src/rx210.o
LOAD ./src/vector_table.o
LOAD ./src/interrupt/interrupt_handlers.o
LOAD ./src/pwm/pwm_asser_RX210.o
LOAD ./src/uart/uart.o
START GROUP
LOAD C:\PROGRA~2\GCCFOR~1.201\rx-elf\rx-elf/rx-elf/lib/no-fpu-libs\liboptm.a
LOAD C:\PROGRA~2\GCCFOR~1.201\rx-elf\rx-elf/rx-elf/lib/no-fpu-libs\liboptc.a
LOAD C:\PROGRA~2\GCCFOR~1.201\rx-elf\rx-elf/lib/gcc/rx-elf/4.8.0.201603-GNURX/no-fpu-libs\libgcc.a
END GROUP
OUTPUT(rx210.x elf32-rx-le)

.debug_frame    0x00000000     0x1784
 .debug_frame   0x00000000       0x74 ./src/asservissement/asservissement.o
 .debug_frame   0x00000074       0x6c ./src/encoder/decoder_quadra.o
 .debug_frame   0x000000e0       0x40 ./src/hardware_setup.o
 .debug_frame   0x00000120       0x48 ./src/rx210.o
 .debug_frame   0x00000168     0x1594 ./src/interrupt/interrupt_handlers.o
 .debug_frame   0x000016fc       0x48 ./src/pwm/pwm_asser_RX210.o
 .debug_frame   0x00001744       0x40 ./src/uart/uart.o

.debug_info     0x00000000    0x10281
 .debug_info    0x00000000     0x36ac ./src/asservissement/asservissement.o
 .debug_info    0x000036ac     0x2606 ./src/encoder/decoder_quadra.o
 .debug_info    0x00005cb2     0x588c ./src/hardware_setup.o
 .debug_info    0x0000b53e       0x85 ./src/reset_program.o
 .debug_info    0x0000b5c3     0x15a0 ./src/rx210.o
 .debug_info    0x0000cb63       0x84 ./src/vector_table.o
 .debug_info    0x0000cbe7      0xc16 ./src/interrupt/interrupt_handlers.o
 .debug_info    0x0000d7fd      0xc38 ./src/pwm/pwm_asser_RX210.o
 .debug_info    0x0000e435     0x1e4c ./src/uart/uart.o

.debug_abbrev   0x00000000      0x76c
 .debug_abbrev  0x00000000      0x165 ./src/asservissement/asservissement.o
 .debug_abbrev  0x00000165      0x115 ./src/encoder/decoder_quadra.o
 .debug_abbrev  0x0000027a       0xfb ./src/hardware_setup.o
 .debug_abbrev  0x00000375       0x14 ./src/reset_program.o
 .debug_abbrev  0x00000389      0x139 ./src/rx210.o
 .debug_abbrev  0x000004c2       0x67 ./src/vector_table.o
 .debug_abbrev  0x00000529       0x4f ./src/interrupt/interrupt_handlers.o
 .debug_abbrev  0x00000578       0xee ./src/pwm/pwm_asser_RX210.o
 .debug_abbrev  0x00000666      0x106 ./src/uart/uart.o

.debug_aranges  0x00000000      0x118
 .debug_aranges
                0x00000000       0x20 ./src/asservissement/asservissement.o
 .debug_aranges
                0x00000020       0x20 ./src/encoder/decoder_quadra.o
 .debug_aranges
                0x00000040       0x20 ./src/hardware_setup.o
 .debug_aranges
                0x00000060       0x20 ./src/reset_program.o
 .debug_aranges
                0x00000080       0x20 ./src/rx210.o
 .debug_aranges
                0x000000a0       0x18 ./src/vector_table.o
 .debug_aranges
                0x000000b8       0x20 ./src/interrupt/interrupt_handlers.o
 .debug_aranges
                0x000000d8       0x20 ./src/pwm/pwm_asser_RX210.o
 .debug_aranges
                0x000000f8       0x20 ./src/uart/uart.o

.debug_line     0x00000000      0x601
 .debug_line    0x00000000       0xbc ./src/asservissement/asservissement.o
 .debug_line    0x000000bc       0xb5 ./src/encoder/decoder_quadra.o
 .debug_line    0x00000171       0x86 ./src/hardware_setup.o
 .debug_line    0x000001f7       0x6d ./src/reset_program.o
 .debug_line    0x00000264       0x81 ./src/rx210.o
 .debug_line    0x000002e5       0x36 ./src/vector_table.o
 .debug_line    0x0000031b      0x1ac ./src/interrupt/interrupt_handlers.o
 .debug_line    0x000004c7       0xa0 ./src/pwm/pwm_asser_RX210.o
 .debug_line    0x00000567       0x9a ./src/uart/uart.o

.debug_str      0x00000000     0x3221
 .debug_str     0x00000000     0x20ad ./src/asservissement/asservissement.o
                               0x212c (size before relaxing)
 .debug_str     0x000020ad       0x6c ./src/encoder/decoder_quadra.o
                                0x9c8 (size before relaxing)
 .debug_str     0x00002119      0x429 ./src/hardware_setup.o
                                0xbaf (size before relaxing)
 .debug_str     0x00002542       0x1c ./src/rx210.o
                                0x1f6 (size before relaxing)
 .debug_str     0x0000255e       0x39 ./src/vector_table.o
                                 0xd1 (size before relaxing)
 .debug_str     0x00002597      0xb51 ./src/interrupt/interrupt_handlers.o
                                0xc21 (size before relaxing)
 .debug_str     0x000030e8       0x36 ./src/pwm/pwm_asser_RX210.o
                                0x31f (size before relaxing)
 .debug_str     0x0000311e      0x103 ./src/uart/uart.o
                                0x8df (size before relaxing)

.comment        0x00000000       0x2d
 .comment       0x00000000       0x2d ./src/asservissement/asservissement.o
                                 0x2e (size before relaxing)
 .comment       0x00000000       0x2e ./src/encoder/decoder_quadra.o
 .comment       0x00000000       0x2e ./src/hardware_setup.o
 .comment       0x00000000       0x2e ./src/rx210.o
 .comment       0x00000000       0x2e ./src/vector_table.o
 .comment       0x00000000       0x2e ./src/interrupt/interrupt_handlers.o
 .comment       0x00000000       0x2e ./src/pwm/pwm_asser_RX210.o
 .comment       0x00000000       0x2e ./src/uart/uart.o
 .comment       0x00000000       0x2e C:\PROGRA~2\GCCFOR~1.201\rx-elf\rx-elf/lib/gcc/rx-elf/4.8.0.201603-GNURX/no-fpu-libs\libgcc.a(_addsub_sf.o)
 .comment       0x00000000       0x2e C:\PROGRA~2\GCCFOR~1.201\rx-elf\rx-elf/lib/gcc/rx-elf/4.8.0.201603-GNURX/no-fpu-libs\libgcc.a(_mul_sf.o)
 .comment       0x00000000       0x2e C:\PROGRA~2\GCCFOR~1.201\rx-elf\rx-elf/lib/gcc/rx-elf/4.8.0.201603-GNURX/no-fpu-libs\libgcc.a(_div_sf.o)
 .comment       0x00000000       0x2e C:\PROGRA~2\GCCFOR~1.201\rx-elf\rx-elf/lib/gcc/rx-elf/4.8.0.201603-GNURX/no-fpu-libs\libgcc.a(_sf_to_si.o)
 .comment       0x00000000       0x2e C:\PROGRA~2\GCCFOR~1.201\rx-elf\rx-elf/lib/gcc/rx-elf/4.8.0.201603-GNURX/no-fpu-libs\libgcc.a(_thenan_sf.o)
 .comment       0x00000000       0x2e C:\PROGRA~2\GCCFOR~1.201\rx-elf\rx-elf/lib/gcc/rx-elf/4.8.0.201603-GNURX/no-fpu-libs\libgcc.a(_pack_sf.o)
 .comment       0x00000000       0x2e C:\PROGRA~2\GCCFOR~1.201\rx-elf\rx-elf/lib/gcc/rx-elf/4.8.0.201603-GNURX/no-fpu-libs\libgcc.a(_unpack_sf.o)
