
Memory Configuration

Name             Origin             Length             Attributes
RAM              0x00000000         0x00010000
ROM              0xfff80000         0x00080000
*default*        0x00000000         0xffffffff

Linker script and memory map


.fvectors       0xffffff80       0x80
 *(.fvectors)
 .fvectors      0xffffff80       0x80 ./src/vector_table.o
                0xffffff80                HardwareVectors

.text           0xfff80000      0x9ec
 *(.text)
 .text          0xfff80000       0x7a ./src/reset_program.o
                0xfff80000                PowerON_Reset
 *(.text.*)
 *(P)
 P              0xfff8007a       0xf2 ./src/decoder_quadra.o
                0xfff8007a                mtclk_init
                0xfff80158                mtclk_start
 P              0xfff8016c      0x1cb ./src/hardware_setup.o
                0xfff8016c                HardwareSetup
 P              0xfff80337      0x560 ./src/interrupt_handlers.o
                0xfff80337                Excep_SuperVisorInst
                0xfff8033f                Excep_UndefinedInst
                0xfff80347                NonMaskableInterrupt
                0xfff8034f                Dummy
                0xfff80357                Excep_BRK
                0xfff8035f                Excep_BSC_BUSERR
                0xfff80367                Excep_FCU_FIFERR
                0xfff8036f                Excep_FCU_FRDYI
                0xfff80377                Excep_ICU_SWINT
                0xfff8037f                Excep_CMT0_CMI0
                0xfff80387                Excep_CMT1_CMI1
                0xfff8038f                Excep_CMT2_CMI2
                0xfff80397                Excep_CMT3_CMI3
                0xfff8039f                Excep_CAC_FERRF
                0xfff803a7                Excep_CAC_MENDF
                0xfff803af                Excep_CAC_OVFF
                0xfff803b7                Excep_RSPI0_SPEI0
                0xfff803bf                Excep_RSPI0_SPRI0
                0xfff803c7                Excep_RSPI0_SPTI0
                0xfff803cf                Excep_RSPI0_SPII0
                0xfff803d7                Excep_DOC_DOPCF
                0xfff803df                Excep_CMPB_CMPB0
                0xfff803e7                Excep_CMPB_CMPB1
                0xfff803ef                Excep_RTC_CUP
                0xfff803f7                Excep_ICU_IRQ0
                0xfff803ff                Excep_ICU_IRQ1
                0xfff80407                Excep_ICU_IRQ2
                0xfff8040f                Excep_ICU_IRQ3
                0xfff80417                Excep_ICU_IRQ4
                0xfff8041f                Excep_ICU_IRQ5
                0xfff80427                Excep_ICU_IRQ6
                0xfff8042f                Excep_ICU_IRQ7
                0xfff80437                Excep_LVD_LVD1
                0xfff8043f                Excep_LVD_LVD2
                0xfff80447                Excep_RTC_ALM
                0xfff8044f                Excep_RTC_PRD
                0xfff80457                Excep_S12AD_S12ADI0
                0xfff8045f                Excep_S12AD_GBADI
                0xfff80467                Excep_ELC_ELSR18I
                0xfff8046f                Excep_ELC_ELSR19I
                0xfff80477                Excep_MTU0_TGIA0
                0xfff8047f                Excep_MTU0_TGIB0
                0xfff80487                Excep_MTU0_TGIC0
                0xfff8048f                Excep_MTU0_TGID0
                0xfff80497                Excep_MTU0_TCIV0
                0xfff8049f                Excep_MTU0_TGIE0
                0xfff804a7                Excep_MTU0_TGIF0
                0xfff804af                Excep_MTU1_TGIA1
                0xfff804b7                Excep_MTU1_TGIB1
                0xfff804bf                Excep_MTU1_TCIV1
                0xfff804c7                Excep_MTU1_TCIU1
                0xfff804cf                Excep_MTU2_TGIA2
                0xfff804d7                Excep_MTU2_TGIB2
                0xfff804df                Excep_MTU2_TCIV2
                0xfff804e7                Excep_MTU2_TCIU2
                0xfff804ef                Excep_MTU3_TGIA3
                0xfff804f7                Excep_MTU3_TGIB3
                0xfff804ff                Excep_MTU3_TGIC3
                0xfff80507                Excep_MTU3_TGID3
                0xfff8050f                Excep_MTU3_TCIV3
                0xfff80517                Excep_MTU4_TGIA4
                0xfff8051f                Excep_MTU4_TGIB4
                0xfff80527                Excep_MTU4_TGIC4
                0xfff8052f                Excep_MTU4_TGID4
                0xfff80537                Excep_MTU4_TCIV4
                0xfff8053f                Excep_MTU5_TGIU5
                0xfff80547                Excep_MTU5_TGIV5
                0xfff8054f                Excep_MTU5_TGIW5
                0xfff80557                Excep_TPU0_TGI0A
                0xfff8055f                Excep_TPU0_TGI0B
                0xfff80567                Excep_TPU0_TGI0C
                0xfff8056f                Excep_TPU0_TGI0D
                0xfff80577                Excep_TPU0_TCI0V
                0xfff8057f                Excep_TPU1_TGI1A
                0xfff80587                Excep_TPU1_TGI1B
                0xfff8058f                Excep_TPU1_TCI1V
                0xfff80597                Excep_TPU1_TCI1U
                0xfff8059f                Excep_TPU2_TGI2A
                0xfff805a7                Excep_TPU2_TGI2B
                0xfff805af                Excep_TPU2_TCI2V
                0xfff805b7                Excep_TPU2_TCI2U
                0xfff805bf                Excep_TPU3_TGI3A
                0xfff805c7                Excep_TPU3_TGI3B
                0xfff805cf                Excep_TPU3_TGI3C
                0xfff805d7                Excep_TPU3_TGI3D
                0xfff805df                Excep_TPU3_TCI3V
                0xfff805e7                Excep_TPU4_TGI4A
                0xfff805ef                Excep_TPU4_TGI4B
                0xfff805f7                Excep_TPU4_TCI4V
                0xfff805ff                Excep_TPU4_TCI4U
                0xfff80607                Excep_TPU5_TGI5A
                0xfff8060f                Excep_TPU5_TGI5B
                0xfff80617                Excep_TPU5_TCI5V
                0xfff8061f                Excep_TPU5_TCI5U
                0xfff80627                Excep_POE_OEI1
                0xfff8062f                Excep_POE_OEI2
                0xfff80637                Excep_TMR0_CMIA0
                0xfff8063f                Excep_TMR0_CMIB0
                0xfff80647                Excep_TMR0_OVI0
                0xfff8064f                Excep_TMR1_CMIA1
                0xfff80657                Excep_TMR1_CMIB1
                0xfff8065f                Excep_TMR1_OVI1
                0xfff80667                Excep_TMR2_CMIA2
                0xfff8066f                Excep_TMR2_CMIB2
                0xfff80677                Excep_TMR2_OVI2
                0xfff8067f                Excep_TMR3_CMIA3
                0xfff80687                Excep_TMR3_CMIB3
                0xfff8068f                Excep_TMR3_OVI3
                0xfff80697                Excep_SCI2_ERI2
                0xfff8069f                Excep_SCI2_RXI2
                0xfff806a7                Excep_SCI2_TXI2
                0xfff806af                Excep_SCI2_TEI2
                0xfff806b7                Excep_SCI3_ERI3
                0xfff806bf                Excep_SCI3_RXI3
                0xfff806c7                Excep_SCI3_TXI3
                0xfff806cf                Excep_SCI3_TEI3
                0xfff806d7                Excep_SCI4_ERI4
                0xfff806df                Excep_SCI4_RXI4
                0xfff806e7                Excep_SCI4_TXI4
                0xfff806ef                Excep_SCI4_TEI4
                0xfff806f7                Excep_DMAC_DMAC0I
                0xfff806ff                Excep_DMAC_DMAC1I
                0xfff80707                Excep_DMAC_DMAC2I
                0xfff8070f                Excep_DMAC_DMAC3I
                0xfff80717                Excep_SCI7_ERI7
                0xfff8071f                Excep_SCI7_RXI7
                0xfff80727                Excep_SCI7_TXI7
                0xfff8072f                Excep_SCI7_TEI7
                0xfff80737                Excep_SCI10_ERI10
                0xfff8073f                Excep_SCI10_RXI10
                0xfff80747                Excep_SCI10_TXI10
                0xfff8074f                Excep_SCI10_TEI10
                0xfff80757                Excep_SCI0_ERI0
                0xfff8075f                Excep_SCI0_RXI0
                0xfff80767                Excep_SCI0_TXI0
                0xfff8076f                Excep_SCI0_TEI0
                0xfff80777                Excep_SCI1_ERI1
                0xfff8077f                Excep_SCI1_RXI1
                0xfff80787                Excep_SCI1_TXI1
                0xfff8078f                Excep_SCI1_TEI1
                0xfff80797                Excep_SCI5_ERI5
                0xfff8079f                Excep_SCI5_RXI5
                0xfff807a7                Excep_SCI5_TXI5
                0xfff807af                Excep_SCI5_TEI5
                0xfff807b7                Excep_SCI6_ERI6
                0xfff807bf                Excep_SCI6_RXI6
                0xfff807c7                Excep_SCI6_TXI6
                0xfff807cf                Excep_SCI6_TEI6
                0xfff807d7                Excep_SCI8_ERI8
                0xfff807df                Excep_SCI8_RXI8
                0xfff807e7                Excep_SCI8_TXI8
                0xfff807ef                Excep_SCI8_TEI8
                0xfff807f7                Excep_SCI9_ERI9
                0xfff807ff                Excep_SCI9_RXI9
                0xfff80807                Excep_SCI9_TXI9
                0xfff8080f                Excep_SCI9_TEI9
                0xfff80817                Excep_SCI12_ERI12
                0xfff8081f                Excep_SCI12_RXI12
                0xfff80827                Excep_SCI12_TXI12
                0xfff8082f                Excep_SCI12_TEI12
                0xfff80837                Excep_SCI12_SCIX0
                0xfff8083f                Excep_SCI12_SCIX1
                0xfff80847                Excep_SCI12_SCIX2
                0xfff8084f                Excep_SCI12_SCIX3
                0xfff80857                Excep_RIIC0_EEI0
                0xfff8085f                Excep_RIIC0_RXI0
                0xfff80867                Excep_RIIC0_TXI0
                0xfff8086f                Excep_RIIC0_TEI0
                0xfff80877                Excep_SCI11_ERI11
                0xfff8087f                Excep_SCI11_RXI11
                0xfff80887                Excep_SCI11_TXI11
                0xfff8088f                Excep_SCI11_TEI11
 P              0xfff80897       0x63 ./src/pwm_asser_RX210.o
                0xfff80897                PWM_asser_init
 P              0xfff808fa        0x0 ./src/reset_program.o
 P              0xfff808fa       0xf2 ./src/rx210.o
                0xfff808fa                main
 P              0xfff809ec        0x0 ./src/vector_table.o
                0xfff809ec                etext = .

.rvectors       0xfff809ec      0x400
                0xfff809ec                _rvectors_start = .
 *(.rvectors)
 .rvectors      0xfff809ec      0x400 ./src/vector_table.o
                0xfff809ec                RelocatableVectors
                0xfff80dec                _rvectors_end = .

.init           0xfff80dec        0x0
 *(.init)
                0xfff80dec                __preinit_array_start = .
 *(.preinit_array)
                0xfff80dec                __preinit_array_end = .
                0xfff80dec                __init_array_start = ((. + 0x3) & 0xfffffffc)
 *(.init_array)
 *(SORT(.init_array.*))
                0xfff80dec                __init_array_end = .
                0xfff80dec                __fini_array_start = .
 *(.fini_array)
 *(SORT(.fini_array.*))
                0xfff80dec                __fini_array_end = .

.fini
 *(.fini)

.got
 *(.got)
 *(.got.plt)

.rodata         0xfff80dec        0x0
 *(.rodata)
 *(.rodata.*)
 *(C_1)
 *(C_2)
 *(C)
                0xfff80dec                _erodata = .

.eh_frame_hdr
 *(.eh_frame_hdr)

.eh_frame
 *(.eh_frame)

.jcr
 *(.jcr)

.tors           0xfff80dec        0x0
                0xfff80dec                __CTOR_LIST__ = .
                0xfff80dec                . = ALIGN (0x2)
                0xfff80dec                ___ctors = .
 *(.ctors)
                0xfff80dec                ___ctors_end = .
                0xfff80dec                __CTOR_END__ = .
                0xfff80dec                __DTOR_LIST__ = .
                0xfff80dec                ___dtors = .
 *(.dtors)
                0xfff80dec                ___dtors_end = .
                0xfff80dec                __DTOR_END__ = .
                0xfff80dec                . = ALIGN (0x2)
                0xfff80dec                _mdata = .

.ustack         0x00000200        0x0
                0x00000200                _ustack = .

.istack         0x00000100        0x0
                0x00000100                _istack = .

.data           0x00000204        0x0 load address 0xfff80dec
                0x00000204                _data = .
 *(.data)
 *(.data.*)
 *(D)
 *(D_1)
 D_1            0x00000204        0x0 ./src/decoder_quadra.o
 D_1            0x00000204        0x0 ./src/hardware_setup.o
 D_1            0x00000204        0x0 ./src/interrupt_handlers.o
 D_1            0x00000204        0x0 ./src/pwm_asser_RX210.o
 D_1            0x00000204        0x0 ./src/reset_program.o
 D_1            0x00000204        0x0 ./src/rx210.o
 D_1            0x00000204        0x0 ./src/vector_table.o
 *(D_2)
                0x00000204                _edata = .

.gcc_exc
 *(.gcc_exc)

.bss            0x00000204        0x4 load address 0xfff80dec
                0x00000204                _bss = .
 *(.bss)
 *(.bss.**)
 *(COMMON)
 *(B)
 B              0x00000204        0x4 ./src/rx210.o
                0x00000204                compteur
 *(B_1)
 B_1            0x00000208        0x0 ./src/decoder_quadra.o
 B_1            0x00000208        0x0 ./src/hardware_setup.o
 B_1            0x00000208        0x0 ./src/interrupt_handlers.o
 B_1            0x00000208        0x0 ./src/pwm_asser_RX210.o
 B_1            0x00000208        0x0 ./src/reset_program.o
 B_1            0x00000208        0x0 ./src/rx210.o
 B_1            0x00000208        0x0 ./src/vector_table.o
 *(B_2)
                0x00000208                _ebss = .
                0x00000208                _end = .
LOAD ./src/decoder_quadra.o
LOAD ./src/hardware_setup.o
LOAD ./src/interrupt_handlers.o
LOAD ./src/pwm_asser_RX210.o
LOAD ./src/reset_program.o
LOAD ./src/rx210.o
LOAD ./src/vector_table.o
START GROUP
LOAD C:\PROGRA~2\GCCFOR~1.201\rx-elf\rx-elf/rx-elf/lib/no-fpu-libs\liboptm.a
LOAD C:\PROGRA~2\GCCFOR~1.201\rx-elf\rx-elf/rx-elf/lib/no-fpu-libs\liboptc.a
LOAD C:\PROGRA~2\GCCFOR~1.201\rx-elf\rx-elf/lib/gcc/rx-elf/4.8.0.201603-GNURX/no-fpu-libs\libgcc.a
END GROUP
OUTPUT(rx210.x elf32-rx-le)

.debug_frame    0x00000000     0x16c8
 .debug_frame   0x00000000       0x6c ./src/decoder_quadra.o
 .debug_frame   0x0000006c       0x40 ./src/hardware_setup.o
 .debug_frame   0x000000ac     0x1594 ./src/interrupt_handlers.o
 .debug_frame   0x00001640       0x48 ./src/pwm_asser_RX210.o
 .debug_frame   0x00001688       0x40 ./src/rx210.o

.debug_info     0x00000000     0xa07f
 .debug_info    0x00000000     0x2606 ./src/decoder_quadra.o
 .debug_info    0x00002606     0x588c ./src/hardware_setup.o
 .debug_info    0x00007e92      0xbf3 ./src/interrupt_handlers.o
 .debug_info    0x00008a85      0xc38 ./src/pwm_asser_RX210.o
 .debug_info    0x000096bd       0x85 ./src/reset_program.o
 .debug_info    0x00009742      0x8b9 ./src/rx210.o
 .debug_info    0x00009ffb       0x84 ./src/vector_table.o

.debug_abbrev   0x00000000      0x4cd
 .debug_abbrev  0x00000000      0x115 ./src/decoder_quadra.o
 .debug_abbrev  0x00000115       0xfb ./src/hardware_setup.o
 .debug_abbrev  0x00000210       0x44 ./src/interrupt_handlers.o
 .debug_abbrev  0x00000254       0xee ./src/pwm_asser_RX210.o
 .debug_abbrev  0x00000342       0x14 ./src/reset_program.o
 .debug_abbrev  0x00000356      0x110 ./src/rx210.o
 .debug_abbrev  0x00000466       0x67 ./src/vector_table.o

.debug_aranges  0x00000000       0xd8
 .debug_aranges
                0x00000000       0x20 ./src/decoder_quadra.o
 .debug_aranges
                0x00000020       0x20 ./src/hardware_setup.o
 .debug_aranges
                0x00000040       0x20 ./src/interrupt_handlers.o
 .debug_aranges
                0x00000060       0x20 ./src/pwm_asser_RX210.o
 .debug_aranges
                0x00000080       0x20 ./src/reset_program.o
 .debug_aranges
                0x000000a0       0x20 ./src/rx210.o
 .debug_aranges
                0x000000c0       0x18 ./src/vector_table.o

.debug_line     0x00000000      0x416
 .debug_line    0x00000000       0x71 ./src/decoder_quadra.o
 .debug_line    0x00000071       0x86 ./src/hardware_setup.o
 .debug_line    0x000000f7      0x1a2 ./src/interrupt_handlers.o
 .debug_line    0x00000299       0x60 ./src/pwm_asser_RX210.o
 .debug_line    0x000002f9       0x6d ./src/reset_program.o
 .debug_line    0x00000366       0x7a ./src/rx210.o
 .debug_line    0x000003e0       0x36 ./src/vector_table.o

.debug_str      0x00000000     0x1999
 .debug_str     0x00000000      0x963 ./src/decoder_quadra.o
                                0x9c0 (size before relaxing)
 .debug_str     0x00000963      0x429 ./src/hardware_setup.o
                                0xbaf (size before relaxing)
 .debug_str     0x00000d8c      0xb47 ./src/interrupt_handlers.o
                                0xbd6 (size before relaxing)
 .debug_str     0x000018d3       0x70 ./src/pwm_asser_RX210.o
                                0x31b (size before relaxing)
 .debug_str     0x00001943       0x1d ./src/rx210.o
                                0x1a7 (size before relaxing)
 .debug_str     0x00001960       0x39 ./src/vector_table.o
                                 0xd1 (size before relaxing)

.comment        0x00000000       0x2d
 .comment       0x00000000       0x2d ./src/decoder_quadra.o
                                 0x2e (size before relaxing)
 .comment       0x00000000       0x2e ./src/hardware_setup.o
 .comment       0x00000000       0x2e ./src/interrupt_handlers.o
 .comment       0x00000000       0x2e ./src/pwm_asser_RX210.o
 .comment       0x00000000       0x2e ./src/rx210.o
 .comment       0x00000000       0x2e ./src/vector_table.o
